----------------------------------------------------------------------------------------------------------------------------------------------------------------------------------------------------------------------
      name:  <unnamed>
       log:  /Users/matthewspitzer/Desktop/EITC/Programs/35a.10_DiDRegressions.log
  log type:  text
 opened on:   8 May 2023, 17:00:28

. 
. // bring in data
. use "/Users/matthewspitzer/Desktop/EITC/Output/cps00010_did.dta", clear

. 
. // basic checks
. isid year cpsidp

. tab treat,m

      treat |      Freq.     Percent        Cum.
------------+-----------------------------------
          0 |        202       50.50       50.50
          1 |        198       49.50      100.00
------------+-----------------------------------
      Total |        400      100.00

. 
. /*
> // create variable just for serial
> gen serial = substr(serial_pernum,1,5)
> */
. 
. // more missing value cleaning
. mvdecode adjginc??, mv(99999)

. foreach var of varlist adjginc?? {
  2.         replace `var' = . if `var' < 0
  3.         }
(0 real changes made)

. 
. // how many households
. distinct cpsid if treat==1

       |        Observations
       |      total   distinct
-------+----------------------
 cpsid |        198         99

. distinct cpsid if treat==0

       |        Observations
       |      total   distinct
-------+----------------------
 cpsid |        202        101

. 
. // by gender
. gen female = .
(400 missing values generated)

. replace female = 1 if sex==2
(84 real changes made)

. replace female = 0 if sex==1
(316 real changes made)

. tablist treat female if !mi(treat), s(v)

  +------------------------------------------------------+
  | treat   female   _Freq_   _Perc_   _CFreq_   _CPerc_ |
  |------------------------------------------------------|
  |     0        0      167    41.75       167     41.75 |
  |     0        1       35     8.75       202     50.50 |
  |     1        0      149    37.25       351     87.75 |
  |     1        1       49    12.25       400    100.00 |
  +------------------------------------------------------+

. 
. // by married
. gen married = .
(400 missing values generated)

. replace married = 1 if inlist(marst,1,2)
(327 real changes made)

. replace married = 0 if !inlist(marst,1,2)
(73 real changes made)

. tablist treat married if !mi(treat), s(v)

  +-------------------------------------------------------+
  | treat   married   _Freq_   _Perc_   _CFreq_   _CPerc_ |
  |-------------------------------------------------------|
  |     0         0       29     7.25        29      7.25 |
  |     0         1      173    43.25       202     50.50 |
  |     1         0       44    11.00       246     61.50 |
  |     1         1      154    38.50       400    100.00 |
  +-------------------------------------------------------+

. 
. // create outcome variables
. 
.         // hours worked (intensive margin)
.         gen hrs_worked = ahrsworkt
(71 missing values generated)

. 
.         // worked (extensive margin)
.         gen worked = 0

.         replace worked = 1 if !mi(hrs_worked)
(329 real changes made)

. 
. // create interaction term
. gen treat_x_post = treat*post

. 
. // label variables
. label var treat "Treated"

. label var post "Post"

. label var treat_x_post "Treated X Post"

. label var adjginc "Income"

. label var worked "Worked"

. label var hrs_worked "Hours worked"

. label var female "Female"

. label var married "Married"

. label var nchild "No. of kids"

. label var less_hi_schl "High school"

. 
. // basic regressions
. 
.         eststo clear

. 
.         // extensive margin
.         eststo: reg worked treat post treat_x_post, robust cluster(cpsid)

Linear regression                                      Number of obs =     400
                                                       F(  3,   199) =    0.02
                                                       Prob > F      =  0.9955
                                                       R-squared     =  0.0001
                                                       Root MSE      =    .384

                                (Std. Err. adjusted for 200 clusters in cpsid)
------------------------------------------------------------------------------
             |               Robust
      worked |      Coef.   Std. Err.      t    P>|t|     [95% Conf. Interval]
-------------+----------------------------------------------------------------
       treat |  -.0036004    .054681    -0.07   0.948    -.1114289    .1042282
        post |   1.47e-16   .0372795     0.00   1.000    -.0735135    .0735135
treat_x_post |    .010101   .0542081     0.19   0.852     -.096795     .116997
       _cons |   .8217822   .0383196    21.45   0.000     .7462177    .8973467
------------------------------------------------------------------------------
(est1 stored)

. 
.         // intensive margin
.         eststo: reg hrs_worked  treat post treat_x_post, robust cluster(cpsid)

Linear regression                                      Number of obs =     329
                                                       F(  3,   178) =    0.83
                                                       Prob > F      =  0.4768
                                                       R-squared     =  0.0038
                                                       Root MSE      =  15.104

                                (Std. Err. adjusted for 179 clusters in cpsid)
------------------------------------------------------------------------------
             |               Robust
  hrs_worked |      Coef.   Std. Err.      t    P>|t|     [95% Conf. Interval]
-------------+----------------------------------------------------------------
       treat |   1.224305   2.277723     0.54   0.592    -3.270511     5.71912
        post |   .0120482   1.620563     0.01   0.994    -3.185939    3.210035
treat_x_post |  -2.625568   2.317773    -1.13   0.259    -7.199416     1.94828
       _cons |   45.08434   1.749183    25.77   0.000     41.63253    48.53614
------------------------------------------------------------------------------
(est2 stored)

.         
. 
. // only controlling for income  
.         local controls adjginc 

. 
.         // extensive margin
.         eststo: reg worked treat post treat_x_post `controls', robust cluster(cpsid)

Linear regression                                      Number of obs =     400
                                                       F(  4,   199) =    0.05
                                                       Prob > F      =  0.9953
                                                       R-squared     =  0.0005
                                                       Root MSE      =  .38441

                                (Std. Err. adjusted for 200 clusters in cpsid)
------------------------------------------------------------------------------
             |               Robust
      worked |      Coef.   Std. Err.      t    P>|t|     [95% Conf. Interval]
-------------+----------------------------------------------------------------
       treat |  -.0032182   .0549503    -0.06   0.953    -.1115778    .1051414
        post |   .0042773   .0403249     0.11   0.916    -.0752417    .0837962
treat_x_post |   .0108728   .0537289     0.20   0.840    -.0950782    .1168239
     adjginc |   7.30e-07   2.25e-06     0.32   0.747    -3.71e-06    5.17e-06
       _cons |   .7985165   .0859115     9.29   0.000     .6291028    .9679302
------------------------------------------------------------------------------
(est3 stored)

. 
.         // intensive margin
.         eststo: reg hrs_worked treat post treat_x_post `controls', robust cluster(cpsid)

Linear regression                                      Number of obs =     329
                                                       F(  4,   178) =    0.71
                                                       Prob > F      =  0.5894
                                                       R-squared     =  0.0056
                                                       Root MSE      =  15.113

                                (Std. Err. adjusted for 179 clusters in cpsid)
------------------------------------------------------------------------------
             |               Robust
  hrs_worked |      Coef.   Std. Err.      t    P>|t|     [95% Conf. Interval]
-------------+----------------------------------------------------------------
       treat |   1.355714   2.311534     0.59   0.558    -3.205824    5.917251
        post |    .469101   1.710997     0.27   0.784    -2.907348     3.84555
treat_x_post |  -2.650722   2.344673    -1.13   0.260    -7.277654    1.976211
     adjginc |   .0000681   .0000995     0.68   0.494    -.0001282    .0002644
       _cons |   42.85341   3.657792    11.72   0.000     35.63519    50.07162
------------------------------------------------------------------------------
(est4 stored)

. 
.         esttab, tex se label

{
\def\sym#1{\ifmmode^{#1}\else\(^{#1}\)\fi}
\begin{tabular}{l*{4}{c}}
\hline\hline
                    &\multicolumn{1}{c}{(1)}&\multicolumn{1}{c}{(2)}&\multicolumn{1}{c}{(3)}&\multicolumn{1}{c}{(4)}\\
                    &\multicolumn{1}{c}{Worked}&\multicolumn{1}{c}{Hours worked}&\multicolumn{1}{c}{Worked}&\multicolumn{1}{c}{Hours worked}\\
\hline
Treated             &    -0.00360         &       1.224         &    -0.00322         &       1.356         \\
                    &    (0.0547)         &     (2.278)         &    (0.0550)         &     (2.312)         \\
[1em]
Post                &    1.47e-16         &      0.0120         &     0.00428         &       0.469         \\
                    &    (0.0373)         &     (1.621)         &    (0.0403)         &     (1.711)         \\
[1em]
Treated X Post      &      0.0101         &      -2.626         &      0.0109         &      -2.651         \\
                    &    (0.0542)         &     (2.318)         &    (0.0537)         &     (2.345)         \\
[1em]
Income              &                     &                     & 0.000000730         &   0.0000681         \\
                    &                     &                     &(0.00000225)         & (0.0000995)         \\
[1em]
Constant            &       0.822\sym{***}&       45.08\sym{***}&       0.799\sym{***}&       42.85\sym{***}\\
                    &    (0.0383)         &     (1.749)         &    (0.0859)         &     (3.658)         \\
\hline
Observations        &         400         &         329         &         400         &         329         \\
\hline\hline
\multicolumn{5}{l}{\footnotesize Standard errors in parentheses}\\
\multicolumn{5}{l}{\footnotesize \sym{*} \(p<0.05\), \sym{**} \(p<0.01\), \sym{***} \(p<0.001\)}\\
\end{tabular}
}

.         esttab, se label 

------------------------------------------------------------------------------------
                              (1)             (2)             (3)             (4)   
                           Worked    Hours worked          Worked    Hours worked   
------------------------------------------------------------------------------------
Treated                  -0.00360           1.224        -0.00322           1.356   
                         (0.0547)         (2.278)        (0.0550)         (2.312)   

Post                     1.47e-16          0.0120         0.00428           0.469   
                         (0.0373)         (1.621)        (0.0403)         (1.711)   

Treated X Post             0.0101          -2.626          0.0109          -2.651   
                         (0.0542)         (2.318)        (0.0537)         (2.345)   

Income                                                0.000000730       0.0000681   
                                                     (0.00000225)     (0.0000995)   

Constant                    0.822***        45.08***        0.799***        42.85***
                         (0.0383)         (1.749)        (0.0859)         (3.658)   
------------------------------------------------------------------------------------
Observations                  400             329             400             329   
------------------------------------------------------------------------------------
Standard errors in parentheses
* p<0.05, ** p<0.01, *** p<0.001

. 
. // with all controls
.         local controls adjginc female married nchild less_hi_schl

. 
.         eststo clear

. 
.         // extensive margin
.         eststo: reg worked treat post treat_x_post `controls', robust cluster(cpsid)

Linear regression                                      Number of obs =     400
                                                       F(  8,   199) =    2.37
                                                       Prob > F      =  0.0185
                                                       R-squared     =  0.0732
                                                       Root MSE      =  .37205

                                (Std. Err. adjusted for 200 clusters in cpsid)
------------------------------------------------------------------------------
             |               Robust
      worked |      Coef.   Std. Err.      t    P>|t|     [95% Conf. Interval]
-------------+----------------------------------------------------------------
       treat |  -.0106174   .0520624    -0.20   0.839    -.1132822    .0920474
        post |   .0029277   .0400029     0.07   0.942    -.0759562    .0818117
treat_x_post |   .0137892    .054465     0.25   0.800    -.0936134    .1211918
     adjginc |   1.18e-07   2.00e-06     0.06   0.953    -3.82e-06    4.06e-06
      female |  -.2434689   .0789009    -3.09   0.002     -.399058   -.0878798
     married |  -.2657128   .0666685    -3.99   0.000    -.3971802   -.1342453
      nchild |  -.0161911   .0234079    -0.69   0.490    -.0623504    .0299682
less_hi_schl |  -.0578939   .0630594    -0.92   0.360    -.1822443    .0664564
       _cons |   1.135307   .1085021    10.46   0.000     .9213456    1.349268
------------------------------------------------------------------------------
(est1 stored)

. 
.         // intensive margin
.         eststo: reg hrs_worked treat post treat_x_post `controls', robust cluster(cpsid)

Linear regression                                      Number of obs =     329
                                                       F(  8,   178) =    4.99
                                                       Prob > F      =  0.0000
                                                       R-squared     =  0.0723
                                                       Root MSE      =  14.688

                                (Std. Err. adjusted for 179 clusters in cpsid)
------------------------------------------------------------------------------
             |               Robust
  hrs_worked |      Coef.   Std. Err.      t    P>|t|     [95% Conf. Interval]
-------------+----------------------------------------------------------------
       treat |   1.419396   2.266807     0.63   0.532    -3.053877    5.892668
        post |   .3191568   1.744645     0.18   0.855    -3.123692    3.762006
treat_x_post |  -2.628568   2.356795    -1.12   0.266    -7.279422    2.022285
     adjginc |   2.38e-06   .0000917     0.03   0.979    -.0001785    .0001833
      female |  -8.495777   2.728134    -3.11   0.002    -13.87942   -3.112129
     married |  -2.889196   2.426641    -1.19   0.235    -7.677883    1.899492
      nchild |  -1.002437   .9690879    -1.03   0.302    -2.914817    .9099423
less_hi_schl |  -7.769666   1.739488    -4.47   0.000    -11.20234   -4.336994
       _cons |   52.12722    4.22713    12.33   0.000     43.78548    60.46895
------------------------------------------------------------------------------
(est2 stored)

. 
.         esttab, tex se label

{
\def\sym#1{\ifmmode^{#1}\else\(^{#1}\)\fi}
\begin{tabular}{l*{2}{c}}
\hline\hline
                    &\multicolumn{1}{c}{(1)}&\multicolumn{1}{c}{(2)}\\
                    &\multicolumn{1}{c}{Worked}&\multicolumn{1}{c}{Hours worked}\\
\hline
Treated             &     -0.0106         &       1.419         \\
                    &    (0.0521)         &     (2.267)         \\
[1em]
Post                &     0.00293         &       0.319         \\
                    &    (0.0400)         &     (1.745)         \\
[1em]
Treated X Post      &      0.0138         &      -2.629         \\
                    &    (0.0545)         &     (2.357)         \\
[1em]
Income              & 0.000000118         &  0.00000238         \\
                    &(0.00000200)         & (0.0000917)         \\
[1em]
Female              &      -0.243\sym{**} &      -8.496\sym{**} \\
                    &    (0.0789)         &     (2.728)         \\
[1em]
Married             &      -0.266\sym{***}&      -2.889         \\
                    &    (0.0667)         &     (2.427)         \\
[1em]
No. of kids         &     -0.0162         &      -1.002         \\
                    &    (0.0234)         &     (0.969)         \\
[1em]
High school         &     -0.0579         &      -7.770\sym{***}\\
                    &    (0.0631)         &     (1.739)         \\
[1em]
Constant            &       1.135\sym{***}&       52.13\sym{***}\\
                    &     (0.109)         &     (4.227)         \\
\hline
Observations        &         400         &         329         \\
\hline\hline
\multicolumn{3}{l}{\footnotesize Standard errors in parentheses}\\
\multicolumn{3}{l}{\footnotesize \sym{*} \(p<0.05\), \sym{**} \(p<0.01\), \sym{***} \(p<0.001\)}\\
\end{tabular}
}

.         esttab, se label

----------------------------------------------------
                              (1)             (2)   
                           Worked    Hours worked   
----------------------------------------------------
Treated                   -0.0106           1.419   
                         (0.0521)         (2.267)   

Post                      0.00293           0.319   
                         (0.0400)         (1.745)   

Treated X Post             0.0138          -2.629   
                         (0.0545)         (2.357)   

Income                0.000000118      0.00000238   
                     (0.00000200)     (0.0000917)   

Female                     -0.243**        -8.496** 
                         (0.0789)         (2.728)   

Married                    -0.266***       -2.889   
                         (0.0667)         (2.427)   

No. of kids               -0.0162          -1.002   
                         (0.0234)         (0.969)   

High school               -0.0579          -7.770***
                         (0.0631)         (1.739)   

Constant                    1.135***        52.13***
                          (0.109)         (4.227)   
----------------------------------------------------
Observations                  400             329   
----------------------------------------------------
Standard errors in parentheses
* p<0.05, ** p<0.01, *** p<0.001

. 
. forval i = 0/1 {
  2.         
. // females/males only
. preserve
  3. keep if female == `i'
  4. 
. // basic regressions
. 
.         eststo clear
  5. 
.         // extensive margin
.         eststo: reg worked treat post treat_x_post, robust cluster(cpsid)
  6. 
.         // intensive margin
.         eststo: reg hrs_worked  treat post treat_x_post, robust cluster(cpsid)
  7.         
. 
. // only controlling for income  
.         local controls adjginc 
  8. 
.         // extensive margin
.         eststo: reg worked treat post treat_x_post `controls', robust cluster(cpsid)
  9. 
.         // intensive margin
.         eststo: reg hrs_worked treat post treat_x_post `controls', robust cluster(cpsid)
 10. 
.         esttab, tex se label
 11.         esttab, se label
 12.         
. // with all controls
.         local controls adjginc female married nchild less_hi_schl
 13. 
.         eststo clear
 14. 
.         // extensive margin
.         eststo: reg worked treat post treat_x_post `controls', robust cluster(cpsid)
 15. 
.         // intensive margin
.         eststo: reg hrs_worked treat post treat_x_post `controls', robust cluster(cpsid)
 16. 
.         esttab, tex se label
 17.         esttab, se label
 18.         
. restore
 19. 
. }
(84 observations deleted)

Linear regression                                      Number of obs =     316
                                                       F(  3,   158) =    0.15
                                                       Prob > F      =  0.9324
                                                       R-squared     =  0.0007
                                                       Root MSE      =  .36415

                                (Std. Err. adjusted for 159 clusters in cpsid)
------------------------------------------------------------------------------
             |               Robust
      worked |      Coef.   Std. Err.      t    P>|t|     [95% Conf. Interval]
-------------+----------------------------------------------------------------
       treat |  -.0020884   .0566512    -0.04   0.971    -.1139798    .1098031
        post |  -.0220884   .0381067    -0.58   0.563    -.0973526    .0531759
treat_x_post |   .0065929   .0619309     0.11   0.915    -.1157263     .128912
       _cons |   .8554217   .0389091    21.99   0.000     .7785727    .9322706
------------------------------------------------------------------------------
(est1 stored)

Linear regression                                      Number of obs =     267
                                                       F(  3,   145) =    0.44
                                                       Prob > F      =  0.7259
                                                       R-squared     =  0.0026
                                                       Root MSE      =  15.256

                                (Std. Err. adjusted for 146 clusters in cpsid)
------------------------------------------------------------------------------
             |               Robust
  hrs_worked |      Coef.   Std. Err.      t    P>|t|     [95% Conf. Interval]
-------------+----------------------------------------------------------------
       treat |   1.866197   2.448429     0.76   0.447    -2.973023    6.705417
        post |   .7947686   1.818403     0.44   0.663    -2.799231    4.388769
treat_x_post |  -2.714123   2.677214    -1.01   0.312    -8.005529    2.577282
       _cons |    45.6338   1.810879    25.20   0.000     42.05467    49.21293
------------------------------------------------------------------------------
(est2 stored)

Linear regression                                      Number of obs =     316
                                                       F(  4,   158) =    0.14
                                                       Prob > F      =  0.9657
                                                       R-squared     =  0.0011
                                                       Root MSE      =  .36466

                                (Std. Err. adjusted for 159 clusters in cpsid)
------------------------------------------------------------------------------
             |               Robust
      worked |      Coef.   Std. Err.      t    P>|t|     [95% Conf. Interval]
-------------+----------------------------------------------------------------
       treat |  -.0010389   .0571262    -0.02   0.986    -.1138683    .1117905
        post |  -.0160392   .0409306    -0.39   0.696    -.0968809    .0648026
treat_x_post |   .0067378   .0617455     0.11   0.913    -.1152153    .1286909
     adjginc |   7.55e-07   1.82e-06     0.41   0.679    -2.84e-06    4.35e-06
       _cons |   .8297227     .07763    10.69   0.000     .6763962    .9830492
------------------------------------------------------------------------------
(est3 stored)

Linear regression                                      Number of obs =     267
                                                       F(  4,   145) =    0.34
                                                       Prob > F      =  0.8493
                                                       R-squared     =  0.0029
                                                       Root MSE      =  15.282

                                (Std. Err. adjusted for 146 clusters in cpsid)
------------------------------------------------------------------------------
             |               Robust
  hrs_worked |      Coef.   Std. Err.      t    P>|t|     [95% Conf. Interval]
-------------+----------------------------------------------------------------
       treat |   1.926835   2.484038     0.78   0.439    -2.982765    6.836435
        post |   1.055625   1.946732     0.54   0.588    -2.792013    4.903262
treat_x_post |  -2.727408   2.692184    -1.01   0.313      -8.0484    2.593584
     adjginc |   .0000309   .0001065     0.29   0.772    -.0001795    .0002414
       _cons |   44.56835   3.956139    11.27   0.000      36.7492     52.3875
------------------------------------------------------------------------------
(est4 stored)

{
\def\sym#1{\ifmmode^{#1}\else\(^{#1}\)\fi}
\begin{tabular}{l*{4}{c}}
\hline\hline
                    &\multicolumn{1}{c}{(1)}&\multicolumn{1}{c}{(2)}&\multicolumn{1}{c}{(3)}&\multicolumn{1}{c}{(4)}\\
                    &\multicolumn{1}{c}{Worked}&\multicolumn{1}{c}{Hours worked}&\multicolumn{1}{c}{Worked}&\multicolumn{1}{c}{Hours worked}\\
\hline
Treated             &    -0.00209         &       1.866         &    -0.00104         &       1.927         \\
                    &    (0.0567)         &     (2.448)         &    (0.0571)         &     (2.484)         \\
[1em]
Post                &     -0.0221         &       0.795         &     -0.0160         &       1.056         \\
                    &    (0.0381)         &     (1.818)         &    (0.0409)         &     (1.947)         \\
[1em]
Treated X Post      &     0.00659         &      -2.714         &     0.00674         &      -2.727         \\
                    &    (0.0619)         &     (2.677)         &    (0.0617)         &     (2.692)         \\
[1em]
Income              &                     &                     & 0.000000755         &   0.0000309         \\
                    &                     &                     &(0.00000182)         &  (0.000106)         \\
[1em]
Constant            &       0.855\sym{***}&       45.63\sym{***}&       0.830\sym{***}&       44.57\sym{***}\\
                    &    (0.0389)         &     (1.811)         &    (0.0776)         &     (3.956)         \\
\hline
Observations        &         316         &         267         &         316         &         267         \\
\hline\hline
\multicolumn{5}{l}{\footnotesize Standard errors in parentheses}\\
\multicolumn{5}{l}{\footnotesize \sym{*} \(p<0.05\), \sym{**} \(p<0.01\), \sym{***} \(p<0.001\)}\\
\end{tabular}
}

------------------------------------------------------------------------------------
                              (1)             (2)             (3)             (4)   
                           Worked    Hours worked          Worked    Hours worked   
------------------------------------------------------------------------------------
Treated                  -0.00209           1.866        -0.00104           1.927   
                         (0.0567)         (2.448)        (0.0571)         (2.484)   

Post                      -0.0221           0.795         -0.0160           1.056   
                         (0.0381)         (1.818)        (0.0409)         (1.947)   

Treated X Post            0.00659          -2.714         0.00674          -2.727   
                         (0.0619)         (2.677)        (0.0617)         (2.692)   

Income                                                0.000000755       0.0000309   
                                                     (0.00000182)      (0.000106)   

Constant                    0.855***        45.63***        0.830***        44.57***
                         (0.0389)         (1.811)        (0.0776)         (3.956)   
------------------------------------------------------------------------------------
Observations                  316             267             316             267   
------------------------------------------------------------------------------------
Standard errors in parentheses
* p<0.05, ** p<0.01, *** p<0.001
note: female omitted because of collinearity

Linear regression                                      Number of obs =     316
                                                       F(  7,   158) =    1.00
                                                       Prob > F      =  0.4326
                                                       R-squared     =  0.0104
                                                       Root MSE      =  .36472

                                (Std. Err. adjusted for 159 clusters in cpsid)
------------------------------------------------------------------------------
             |               Robust
      worked |      Coef.   Std. Err.      t    P>|t|     [95% Conf. Interval]
-------------+----------------------------------------------------------------
       treat |  -.0079441    .057138    -0.14   0.890    -.1207969    .1049086
        post |  -.0129311   .0412322    -0.31   0.754    -.0943686    .0685063
treat_x_post |   .0071785   .0618229     0.12   0.908    -.1149274    .1292845
     adjginc |   8.20e-07   1.86e-06     0.44   0.660    -2.85e-06    4.49e-06
      female |          0  (omitted)
     married |  -.1223115   .0523732    -2.34   0.021    -.2257533   -.0188696
      nchild |  -.0016024   .0233129    -0.07   0.945    -.0476474    .0444427
less_hi_schl |  -.0429177   .0739845    -0.58   0.563    -.1890439    .1032085
       _cons |   .9530397   .0864768    11.02   0.000       .78224    1.123839
------------------------------------------------------------------------------
(est1 stored)
note: female omitted because of collinearity

Linear regression                                      Number of obs =     267
                                                       F(  7,   145) =    3.85
                                                       Prob > F      =  0.0007
                                                       R-squared     =  0.0535
                                                       Root MSE      =  14.976

                                (Std. Err. adjusted for 146 clusters in cpsid)
------------------------------------------------------------------------------
             |               Robust
  hrs_worked |      Coef.   Std. Err.      t    P>|t|     [95% Conf. Interval]
-------------+----------------------------------------------------------------
       treat |   1.379003   2.420263     0.57   0.570    -3.404549    6.162556
        post |   .9643631   2.023005     0.48   0.634    -3.034024     4.96275
treat_x_post |  -3.045181   2.722356    -1.12   0.265    -8.425808    2.335446
     adjginc |   9.32e-06   .0001034     0.09   0.928    -.0001951    .0002137
      female |          0  (omitted)
     married |   1.163994   2.208527     0.53   0.599     -3.20107    5.529058
      nchild |  -1.731527   1.036947    -1.67   0.097     -3.78101    .3179566
less_hi_schl |  -9.331017   2.032432    -4.59   0.000    -13.34804   -5.313997
       _cons |   49.95389   4.209013    11.87   0.000     41.63495    58.27284
------------------------------------------------------------------------------
(est2 stored)

{
\def\sym#1{\ifmmode^{#1}\else\(^{#1}\)\fi}
\begin{tabular}{l*{2}{c}}
\hline\hline
                    &\multicolumn{1}{c}{(1)}&\multicolumn{1}{c}{(2)}\\
                    &\multicolumn{1}{c}{Worked}&\multicolumn{1}{c}{Hours worked}\\
\hline
Treated             &    -0.00794         &       1.379         \\
                    &    (0.0571)         &     (2.420)         \\
[1em]
Post                &     -0.0129         &       0.964         \\
                    &    (0.0412)         &     (2.023)         \\
[1em]
Treated X Post      &     0.00718         &      -3.045         \\
                    &    (0.0618)         &     (2.722)         \\
[1em]
Income              & 0.000000820         &  0.00000932         \\
                    &(0.00000186)         &  (0.000103)         \\
[1em]
Female              &           0         &           0         \\
                    &         (.)         &         (.)         \\
[1em]
Married             &      -0.122\sym{*}  &       1.164         \\
                    &    (0.0524)         &     (2.209)         \\
[1em]
No. of kids         &    -0.00160         &      -1.732         \\
                    &    (0.0233)         &     (1.037)         \\
[1em]
High school         &     -0.0429         &      -9.331\sym{***}\\
                    &    (0.0740)         &     (2.032)         \\
[1em]
Constant            &       0.953\sym{***}&       49.95\sym{***}\\
                    &    (0.0865)         &     (4.209)         \\
\hline
Observations        &         316         &         267         \\
\hline\hline
\multicolumn{3}{l}{\footnotesize Standard errors in parentheses}\\
\multicolumn{3}{l}{\footnotesize \sym{*} \(p<0.05\), \sym{**} \(p<0.01\), \sym{***} \(p<0.001\)}\\
\end{tabular}
}

----------------------------------------------------
                              (1)             (2)   
                           Worked    Hours worked   
----------------------------------------------------
Treated                  -0.00794           1.379   
                         (0.0571)         (2.420)   

Post                      -0.0129           0.964   
                         (0.0412)         (2.023)   

Treated X Post            0.00718          -3.045   
                         (0.0618)         (2.722)   

Income                0.000000820      0.00000932   
                     (0.00000186)      (0.000103)   

Female                          0               0   
                              (.)             (.)   

Married                    -0.122*          1.164   
                         (0.0524)         (2.209)   

No. of kids              -0.00160          -1.732   
                         (0.0233)         (1.037)   

High school               -0.0429          -9.331***
                         (0.0740)         (2.032)   

Constant                    0.953***        49.95***
                         (0.0865)         (4.209)   
----------------------------------------------------
Observations                  316             267   
----------------------------------------------------
Standard errors in parentheses
* p<0.05, ** p<0.01, *** p<0.001
(316 observations deleted)

Linear regression                                      Number of obs =      84
                                                       F(  3,    42) =    1.18
                                                       Prob > F      =  0.3294
                                                       R-squared     =  0.0136
                                                       Root MSE      =  .44745

                                 (Std. Err. adjusted for 43 clusters in cpsid)
------------------------------------------------------------------------------
             |               Robust
      worked |      Coef.   Std. Err.      t    P>|t|     [95% Conf. Interval]
-------------+----------------------------------------------------------------
       treat |   .0416667   .1491887     0.28   0.781    -.2594084    .3427417
        post |   .0980392   .1081494     0.91   0.370     -.120215    .3162934
treat_x_post |  -.0063725   .1228746    -0.05   0.959    -.2543435    .2415984
       _cons |   .6666667   .1145147     5.82   0.000     .4355667    .8977666
------------------------------------------------------------------------------
(est1 stored)

Linear regression                                      Number of obs =      62
                                                       F(  3,    33) =    1.10
                                                       Prob > F      =  0.3641
                                                       R-squared     =  0.0221
                                                       Root MSE      =   13.55

                                 (Std. Err. adjusted for 34 clusters in cpsid)
------------------------------------------------------------------------------
             |               Robust
  hrs_worked |      Coef.   Std. Err.      t    P>|t|     [95% Conf. Interval]
-------------+----------------------------------------------------------------
       treat |  -.0098039   6.483247    -0.00   0.999    -13.20007    13.18046
        post |  -3.910256     3.6357    -1.08   0.290    -11.30714     3.48663
treat_x_post |   -.063273   4.891093    -0.01   0.990    -10.01428    9.887731
       _cons |   41.83333   5.746044     7.28   0.000     30.14292    53.52375
------------------------------------------------------------------------------
(est2 stored)

Linear regression                                      Number of obs =      84
                                                       F(  4,    42) =    1.09
                                                       Prob > F      =  0.3742
                                                       R-squared     =  0.0221
                                                       Root MSE      =  .44834

                                 (Std. Err. adjusted for 43 clusters in cpsid)
------------------------------------------------------------------------------
             |               Robust
      worked |      Coef.   Std. Err.      t    P>|t|     [95% Conf. Interval]
-------------+----------------------------------------------------------------
       treat |   .0609304    .153164     0.40   0.693    -.2481671    .3700279
        post |   .1125754   .1119311     1.01   0.320    -.1133107    .3384616
treat_x_post |  -.0314712    .131192    -0.24   0.812    -.2962273    .2332849
     adjginc |  -3.61e-06   5.07e-06    -0.71   0.481    -.0000138    6.64e-06
       _cons |   .7462997   .1627617     4.59   0.000     .4178333    1.074766
------------------------------------------------------------------------------
(est3 stored)

Linear regression                                      Number of obs =      62
                                                       F(  4,    33) =    0.80
                                                       Prob > F      =  0.5347
                                                       R-squared     =  0.0241
                                                       Root MSE      =  13.655

                                 (Std. Err. adjusted for 34 clusters in cpsid)
------------------------------------------------------------------------------
             |               Robust
  hrs_worked |      Coef.   Std. Err.      t    P>|t|     [95% Conf. Interval]
-------------+----------------------------------------------------------------
       treat |  -.1700128   6.478536    -0.03   0.979    -13.35069    13.01067
        post |  -4.215769   3.800828    -1.11   0.275    -11.94861    3.517074
treat_x_post |   .2503525   5.005278     0.05   0.960    -9.932961    10.43367
     adjginc |   .0000884   .0002038     0.43   0.667    -.0003262    .0005031
       _cons |   39.81834   7.498308     5.31   0.000     24.56291    55.07376
------------------------------------------------------------------------------
(est4 stored)

{
\def\sym#1{\ifmmode^{#1}\else\(^{#1}\)\fi}
\begin{tabular}{l*{4}{c}}
\hline\hline
                    &\multicolumn{1}{c}{(1)}&\multicolumn{1}{c}{(2)}&\multicolumn{1}{c}{(3)}&\multicolumn{1}{c}{(4)}\\
                    &\multicolumn{1}{c}{Worked}&\multicolumn{1}{c}{Hours worked}&\multicolumn{1}{c}{Worked}&\multicolumn{1}{c}{Hours worked}\\
\hline
Treated             &      0.0417         &    -0.00980         &      0.0609         &      -0.170         \\
                    &     (0.149)         &     (6.483)         &     (0.153)         &     (6.479)         \\
[1em]
Post                &      0.0980         &      -3.910         &       0.113         &      -4.216         \\
                    &     (0.108)         &     (3.636)         &     (0.112)         &     (3.801)         \\
[1em]
Treated X Post      &    -0.00637         &     -0.0633         &     -0.0315         &       0.250         \\
                    &     (0.123)         &     (4.891)         &     (0.131)         &     (5.005)         \\
[1em]
Income              &                     &                     & -0.00000361         &   0.0000884         \\
                    &                     &                     &(0.00000507)         &  (0.000204)         \\
[1em]
Constant            &       0.667\sym{***}&       41.83\sym{***}&       0.746\sym{***}&       39.82\sym{***}\\
                    &     (0.115)         &     (5.746)         &     (0.163)         &     (7.498)         \\
\hline
Observations        &          84         &          62         &          84         &          62         \\
\hline\hline
\multicolumn{5}{l}{\footnotesize Standard errors in parentheses}\\
\multicolumn{5}{l}{\footnotesize \sym{*} \(p<0.05\), \sym{**} \(p<0.01\), \sym{***} \(p<0.001\)}\\
\end{tabular}
}

------------------------------------------------------------------------------------
                              (1)             (2)             (3)             (4)   
                           Worked    Hours worked          Worked    Hours worked   
------------------------------------------------------------------------------------
Treated                    0.0417        -0.00980          0.0609          -0.170   
                          (0.149)         (6.483)         (0.153)         (6.479)   

Post                       0.0980          -3.910           0.113          -4.216   
                          (0.108)         (3.636)         (0.112)         (3.801)   

Treated X Post           -0.00637         -0.0633         -0.0315           0.250   
                          (0.123)         (4.891)         (0.131)         (5.005)   

Income                                                -0.00000361       0.0000884   
                                                     (0.00000507)      (0.000204)   

Constant                    0.667***        41.83***        0.746***        39.82***
                          (0.115)         (5.746)         (0.163)         (7.498)   
------------------------------------------------------------------------------------
Observations                   84              62              84              62   
------------------------------------------------------------------------------------
Standard errors in parentheses
* p<0.05, ** p<0.01, *** p<0.001
note: female omitted because of collinearity

Linear regression                                      Number of obs =      84
                                                       F(  7,    42) =    3.32
                                                       Prob > F      =  0.0066
                                                       R-squared     =  0.2832
                                                       Root MSE      =  .39135

                                 (Std. Err. adjusted for 43 clusters in cpsid)
------------------------------------------------------------------------------
             |               Robust
      worked |      Coef.   Std. Err.      t    P>|t|     [95% Conf. Interval]
-------------+----------------------------------------------------------------
       treat |    .040438   .1368968     0.30   0.769     -.235831    .3167069
        post |   .1096013   .1185011     0.92   0.360    -.1295436    .3487463
treat_x_post |  -.0347862    .138832    -0.25   0.803    -.3149604    .2453881
     adjginc |  -3.44e-06   4.50e-06    -0.77   0.448    -.0000125    5.63e-06
      female |          0  (omitted)
     married |  -.3897789   .1282189    -3.04   0.004    -.6485352   -.1310227
      nchild |  -.0668741   .0710913    -0.94   0.352    -.2103421     .076594
less_hi_schl |  -.0504827    .141911    -0.36   0.724    -.3368707    .2359052
       _cons |   1.076681   .2026759     5.31   0.000     .6676648    1.485698
------------------------------------------------------------------------------
(est1 stored)
note: female omitted because of collinearity

Linear regression                                      Number of obs =      62
                                                       F(  7,    33) =    1.85
                                                       Prob > F      =  0.1109
                                                       R-squared     =  0.2094
                                                       Root MSE      =  12.627

                                 (Std. Err. adjusted for 34 clusters in cpsid)
------------------------------------------------------------------------------
             |               Robust
  hrs_worked |      Coef.   Std. Err.      t    P>|t|     [95% Conf. Interval]
-------------+----------------------------------------------------------------
       treat |   1.465753   6.638257     0.22   0.827    -12.03988    14.97139
        post |  -2.878712   3.924001    -0.73   0.468    -10.86215    5.104727
treat_x_post |  -2.666596   5.323666    -0.50   0.620    -13.49768    8.164484
     adjginc |  -.0002447   .0001941    -1.26   0.216    -.0006397    .0001502
      female |          0  (omitted)
     married |   -14.1803   4.438613    -3.19   0.003    -23.21073   -5.149879
      nchild |   4.097667    2.15791     1.90   0.066    -.2926338    8.487968
less_hi_schl |   .7024002   3.948531     0.18   0.860    -7.330947    8.735748
       _cons |   42.07565    8.90536     4.72   0.000     23.95756    60.19374
------------------------------------------------------------------------------
(est2 stored)

{
\def\sym#1{\ifmmode^{#1}\else\(^{#1}\)\fi}
\begin{tabular}{l*{2}{c}}
\hline\hline
                    &\multicolumn{1}{c}{(1)}&\multicolumn{1}{c}{(2)}\\
                    &\multicolumn{1}{c}{Worked}&\multicolumn{1}{c}{Hours worked}\\
\hline
Treated             &      0.0404         &       1.466         \\
                    &     (0.137)         &     (6.638)         \\
[1em]
Post                &       0.110         &      -2.879         \\
                    &     (0.119)         &     (3.924)         \\
[1em]
Treated X Post      &     -0.0348         &      -2.667         \\
                    &     (0.139)         &     (5.324)         \\
[1em]
Income              & -0.00000344         &   -0.000245         \\
                    &(0.00000450)         &  (0.000194)         \\
[1em]
Female              &           0         &           0         \\
                    &         (.)         &         (.)         \\
[1em]
Married             &      -0.390\sym{**} &      -14.18\sym{**} \\
                    &     (0.128)         &     (4.439)         \\
[1em]
No. of kids         &     -0.0669         &       4.098         \\
                    &    (0.0711)         &     (2.158)         \\
[1em]
High school         &     -0.0505         &       0.702         \\
                    &     (0.142)         &     (3.949)         \\
[1em]
Constant            &       1.077\sym{***}&       42.08\sym{***}\\
                    &     (0.203)         &     (8.905)         \\
\hline
Observations        &          84         &          62         \\
\hline\hline
\multicolumn{3}{l}{\footnotesize Standard errors in parentheses}\\
\multicolumn{3}{l}{\footnotesize \sym{*} \(p<0.05\), \sym{**} \(p<0.01\), \sym{***} \(p<0.001\)}\\
\end{tabular}
}

----------------------------------------------------
                              (1)             (2)   
                           Worked    Hours worked   
----------------------------------------------------
Treated                    0.0404           1.466   
                          (0.137)         (6.638)   

Post                        0.110          -2.879   
                          (0.119)         (3.924)   

Treated X Post            -0.0348          -2.667   
                          (0.139)         (5.324)   

Income                -0.00000344       -0.000245   
                     (0.00000450)      (0.000194)   

Female                          0               0   
                              (.)             (.)   

Married                    -0.390**        -14.18** 
                          (0.128)         (4.439)   

No. of kids               -0.0669           4.098   
                         (0.0711)         (2.158)   

High school               -0.0505           0.702   
                          (0.142)         (3.949)   

Constant                    1.077***        42.08***
                          (0.203)         (8.905)   
----------------------------------------------------
Observations                   84              62   
----------------------------------------------------
Standard errors in parentheses
* p<0.05, ** p<0.01, *** p<0.001

. 
. 
. 
. cap log close
